C:\Users\kmurugan\Desktop\merchant.py
C:\Users\kmurugan\Desktop\backup_today.py
C:\Python27\test.py
C:\Users\kmurugan\Desktop\euphora\cut_sticks.py
C:\Users\kmurugan\Desktop\euphora\rosettacode\python\ZebraPuzzle.py
C:\Users\kmurugan\Desktop\euphora\chromecache.py
C:\Users\kmurugan\Desktop\euphora\rosettacode\python\9billionnamesofGod.py
C:\Users\kmurugan\Desktop\euphora\filefix.py
C:\Users\kmurugan\Desktop\euphora\advpyt_thread.py
C:\Users\kmurugan\Desktop\euphora\rosettacode\python\A+B.py
C:\Users\kmurugan\Desktop\euphora\rosettacode\python\GoFish.py
C:\Users\kmurugan\Desktop\euphora\rosettacode\python\hailstone sequence.py
C:\Users\kmurugan\Desktop\euphora\rosettacode\python\balanced brackets.py
C:\Users\kmurugan\Desktop\euphora\rosettacode\python\100doors.py
C:\Users\kmurugan\Desktop\euphora\rosettacode\python\ABC.py
C:\Users\kmurugan\Desktop\euphora\rosettacode\python\24Game.py
C:\Users\kmurugan\Downloads\dnspython-1.12.0\dnspython-1.12.0\setup.py
C:\Program Files\Splunk\Python-2.7\Lib\site-packages\splunk\Intersplunk.py
C:\Program Files\Splunk\etc\apps\search\bin\luhncheck.py
